[debug] [2026-04-20T21:27:36.313Z] ----------------------------------------------------------------------
[debug] [2026-04-20T21:27:36.316Z] Command:       /usr/local/bin/node /usr/local/bin/firebase deploy
[debug] [2026-04-20T21:27:36.316Z] CLI Version:   14.1.0
[debug] [2026-04-20T21:27:36.316Z] Platform:      darwin
[debug] [2026-04-20T21:27:36.316Z] Node Version:  v20.10.0
[debug] [2026-04-20T21:27:36.316Z] Time:          Mon Apr 20 2026 23:27:36 GMT+0200 (Central European Summer Time)
[debug] [2026-04-20T21:27:36.316Z] ----------------------------------------------------------------------
[debug] 
[debug] [2026-04-20T21:27:36.318Z] >>> [apiv2][query] GET https://firebase-public.firebaseio.com/cli.json [none]
[debug] [2026-04-20T21:27:36.435Z] > command requires scopes: ["email","openid","https://www.googleapis.com/auth/cloudplatformprojects.readonly","https://www.googleapis.com/auth/firebase","https://www.googleapis.com/auth/cloud-platform"]
[debug] [2026-04-20T21:27:36.435Z] > authorizing via signed-in user (ramiar987@gmail.com)
[debug] [2026-04-20T21:27:36.435Z] [iam] checking project nor-senter for permissions ["datastore.indexes.create","datastore.indexes.delete","datastore.indexes.list","datastore.indexes.update","firebase.projects.get","firebasehosting.sites.update"]
[debug] [2026-04-20T21:27:36.435Z] Checked if tokens are valid: false, expires at: 1743687705093
[debug] [2026-04-20T21:27:36.435Z] Checked if tokens are valid: false, expires at: 1743687705093
[debug] [2026-04-20T21:27:36.435Z] > refreshing access token with scopes: []
[debug] [2026-04-20T21:27:36.436Z] >>> [apiv2][query] POST https://www.googleapis.com/oauth2/v3/token [none]
[debug] [2026-04-20T21:27:36.436Z] >>> [apiv2][body] POST https://www.googleapis.com/oauth2/v3/token [omitted]
[debug] [2026-04-20T21:27:36.549Z] <<< [apiv2][status] POST https://www.googleapis.com/oauth2/v3/token 400
[debug] [2026-04-20T21:27:36.549Z] <<< [apiv2][body] POST https://www.googleapis.com/oauth2/v3/token [omitted]
[debug] [2026-04-20T21:27:36.549Z] >>> [apiv2][query] POST https://cloudresourcemanager.googleapis.com/v1/projects/nor-senter:testIamPermissions [none]
[debug] [2026-04-20T21:27:36.549Z] >>> [apiv2][(partial)header] POST https://cloudresourcemanager.googleapis.com/v1/projects/nor-senter:testIamPermissions x-goog-quota-user=projects/nor-senter
[debug] [2026-04-20T21:27:36.549Z] >>> [apiv2][body] POST https://cloudresourcemanager.googleapis.com/v1/projects/nor-senter:testIamPermissions {"permissions":["datastore.indexes.create","datastore.indexes.delete","datastore.indexes.list","datastore.indexes.update","firebase.projects.get","firebasehosting.sites.update"]}
[debug] [2026-04-20T21:27:36.806Z] <<< [apiv2][status] GET https://firebase-public.firebaseio.com/cli.json 200
[debug] [2026-04-20T21:27:36.806Z] <<< [apiv2][body] GET https://firebase-public.firebaseio.com/cli.json {"cloudBuildErrorAfter":1594252800000,"cloudBuildWarnAfter":1590019200000,"defaultNode10After":1594252800000,"minVersion":"3.0.5","node8DeploysDisabledAfter":1613390400000,"node8RuntimeDisabledAfter":1615809600000,"node8WarnAfter":1600128000000}
[debug] [2026-04-20T21:27:37.377Z] <<< [apiv2][status] POST https://cloudresourcemanager.googleapis.com/v1/projects/nor-senter:testIamPermissions 401
[debug] [2026-04-20T21:27:37.377Z] <<< [apiv2][body] POST https://cloudresourcemanager.googleapis.com/v1/projects/nor-senter:testIamPermissions {"error":{"code":401,"message":"Request had invalid authentication credentials. Expected OAuth 2 access token, login cookie or other valid authentication credential. See https://developers.google.com/identity/sign-in/web/devconsole-project.","status":"UNAUTHENTICATED","details":[{"@type":"type.googleapis.com/google.rpc.ErrorInfo","reason":"ACCESS_TOKEN_TYPE_UNSUPPORTED","metadata":{"service":"cloudresourcemanager.googleapis.com","method":"google.cloudresourcemanager.v1.Projects.TestIamPermissions"}}]}}
[debug] [2026-04-20T21:27:37.377Z] Got a 401 Unauthenticated error for a call that required authentication. Refreshing tokens.
[debug] [2026-04-20T21:27:37.378Z] Checked if tokens are valid: false, expires at: 1743687705093
[debug] [2026-04-20T21:27:37.378Z] Checked if tokens are valid: false, expires at: 1743687705093
[debug] [2026-04-20T21:27:37.378Z] > refreshing access token with scopes: []
[debug] [2026-04-20T21:27:37.378Z] >>> [apiv2][query] POST https://www.googleapis.com/oauth2/v3/token [none]
[debug] [2026-04-20T21:27:37.378Z] >>> [apiv2][body] POST https://www.googleapis.com/oauth2/v3/token [omitted]
[debug] [2026-04-20T21:27:37.506Z] <<< [apiv2][status] POST https://www.googleapis.com/oauth2/v3/token 400
[debug] [2026-04-20T21:27:37.506Z] <<< [apiv2][body] POST https://www.googleapis.com/oauth2/v3/token [omitted]
[debug] [2026-04-20T21:27:37.508Z] [iam] error while checking permissions, command may fail: Request to https://cloudresourcemanager.googleapis.com/v1/projects/nor-senter:testIamPermissions had HTTP Error: 401, Request had invalid authentication credentials. Expected OAuth 2 access token, login cookie or other valid authentication credential. See https://developers.google.com/identity/sign-in/web/devconsole-project.
[debug] [2026-04-20T21:27:37.509Z] Checked if tokens are valid: false, expires at: 1743687705093
[debug] [2026-04-20T21:27:37.509Z] Checked if tokens are valid: false, expires at: 1743687705093
[debug] [2026-04-20T21:27:37.509Z] > refreshing access token with scopes: []
[debug] [2026-04-20T21:27:37.510Z] >>> [apiv2][query] POST https://www.googleapis.com/oauth2/v3/token [none]
[debug] [2026-04-20T21:27:37.511Z] >>> [apiv2][body] POST https://www.googleapis.com/oauth2/v3/token [omitted]
[debug] [2026-04-20T21:27:37.549Z] <<< [apiv2][status] POST https://www.googleapis.com/oauth2/v3/token 400
[debug] [2026-04-20T21:27:37.549Z] <<< [apiv2][body] POST https://www.googleapis.com/oauth2/v3/token [omitted]
[debug] [2026-04-20T21:27:37.550Z] >>> [apiv2][query] GET https://firebase.googleapis.com/v1beta1/projects/nor-senter [none]
[debug] [2026-04-20T21:27:37.704Z] <<< [apiv2][status] GET https://firebase.googleapis.com/v1beta1/projects/nor-senter 401
[debug] [2026-04-20T21:27:37.704Z] <<< [apiv2][body] GET https://firebase.googleapis.com/v1beta1/projects/nor-senter {"error":{"code":401,"message":"Request had invalid authentication credentials. Expected OAuth 2 access token, login cookie or other valid authentication credential. See https://developers.google.com/identity/sign-in/web/devconsole-project.","status":"UNAUTHENTICATED"}}
[debug] [2026-04-20T21:27:37.704Z] Got a 401 Unauthenticated error for a call that required authentication. Refreshing tokens.
[debug] [2026-04-20T21:27:37.704Z] Checked if tokens are valid: false, expires at: 1743687705093
[debug] [2026-04-20T21:27:37.704Z] Checked if tokens are valid: false, expires at: 1743687705093
[debug] [2026-04-20T21:27:37.704Z] > refreshing access token with scopes: []
[debug] [2026-04-20T21:27:37.704Z] >>> [apiv2][query] POST https://www.googleapis.com/oauth2/v3/token [none]
[debug] [2026-04-20T21:27:37.704Z] >>> [apiv2][body] POST https://www.googleapis.com/oauth2/v3/token [omitted]
[debug] [2026-04-20T21:27:37.743Z] <<< [apiv2][status] POST https://www.googleapis.com/oauth2/v3/token 400
[debug] [2026-04-20T21:27:37.743Z] <<< [apiv2][body] POST https://www.googleapis.com/oauth2/v3/token [omitted]
[debug] [2026-04-20T21:27:37.743Z] Request to https://firebase.googleapis.com/v1beta1/projects/nor-senter had HTTP Error: 401, Request had invalid authentication credentials. Expected OAuth 2 access token, login cookie or other valid authentication credential. See https://developers.google.com/identity/sign-in/web/devconsole-project.
[error] 
[error] Error: Assertion failed: resolving hosting target of a site with no site name or target name. This should have caused an error earlier
[debug] [2026-04-20T21:33:53.675Z] ----------------------------------------------------------------------
[debug] [2026-04-20T21:33:53.676Z] Command:       /usr/local/bin/node /usr/local/bin/firebase projects:list
[debug] [2026-04-20T21:33:53.677Z] CLI Version:   14.1.0
[debug] [2026-04-20T21:33:53.677Z] Platform:      darwin
[debug] [2026-04-20T21:33:53.677Z] Node Version:  v20.10.0
[debug] [2026-04-20T21:33:53.677Z] Time:          Mon Apr 20 2026 23:33:53 GMT+0200 (Central European Summer Time)
[debug] [2026-04-20T21:33:53.677Z] ----------------------------------------------------------------------
[debug] 
[debug] [2026-04-20T21:33:53.769Z] > command requires scopes: ["email","openid","https://www.googleapis.com/auth/cloudplatformprojects.readonly","https://www.googleapis.com/auth/firebase","https://www.googleapis.com/auth/cloud-platform"]
[debug] [2026-04-20T21:33:53.770Z] > authorizing via signed-in user (ramiar987@gmail.com)
[debug] [2026-04-20T21:33:53.772Z] Checked if tokens are valid: false, expires at: 1743687705093
[debug] [2026-04-20T21:33:53.772Z] Checked if tokens are valid: false, expires at: 1743687705093
[debug] [2026-04-20T21:33:53.772Z] > refreshing access token with scopes: []
[debug] [2026-04-20T21:33:53.773Z] >>> [apiv2][query] POST https://www.googleapis.com/oauth2/v3/token [none]
[debug] [2026-04-20T21:33:53.773Z] >>> [apiv2][body] POST https://www.googleapis.com/oauth2/v3/token [omitted]
[debug] [2026-04-20T21:33:54.005Z] <<< [apiv2][status] POST https://www.googleapis.com/oauth2/v3/token 400
[debug] [2026-04-20T21:33:54.005Z] <<< [apiv2][body] POST https://www.googleapis.com/oauth2/v3/token [omitted]
[debug] [2026-04-20T21:33:54.006Z] >>> [apiv2][query] GET https://firebase.googleapis.com/v1beta1/projects pageSize=1000
[debug] [2026-04-20T21:33:54.424Z] <<< [apiv2][status] GET https://firebase.googleapis.com/v1beta1/projects 401
[debug] [2026-04-20T21:33:54.425Z] <<< [apiv2][body] GET https://firebase.googleapis.com/v1beta1/projects [omitted]
[debug] [2026-04-20T21:33:54.425Z] Got a 401 Unauthenticated error for a call that required authentication. Refreshing tokens.
[debug] [2026-04-20T21:33:54.425Z] Checked if tokens are valid: false, expires at: 1743687705093
[debug] [2026-04-20T21:33:54.425Z] Checked if tokens are valid: false, expires at: 1743687705093
[debug] [2026-04-20T21:33:54.425Z] > refreshing access token with scopes: []
[debug] [2026-04-20T21:33:54.426Z] >>> [apiv2][query] POST https://www.googleapis.com/oauth2/v3/token [none]
[debug] [2026-04-20T21:33:54.426Z] >>> [apiv2][body] POST https://www.googleapis.com/oauth2/v3/token [omitted]
[debug] [2026-04-20T21:33:54.473Z] <<< [apiv2][status] POST https://www.googleapis.com/oauth2/v3/token 400
[debug] [2026-04-20T21:33:54.474Z] <<< [apiv2][body] POST https://www.googleapis.com/oauth2/v3/token [omitted]
[debug] [2026-04-20T21:33:54.476Z] Request to https://firebase.googleapis.com/v1beta1/projects?pageSize=1000 had HTTP Error: 401, Request had invalid authentication credentials. Expected OAuth 2 access token, login cookie or other valid authentication credential. See https://developers.google.com/identity/sign-in/web/devconsole-project.
[debug] [2026-04-20T21:33:54.574Z] FirebaseError: Request to https://firebase.googleapis.com/v1beta1/projects?pageSize=1000 had HTTP Error: 401, Request had invalid authentication credentials. Expected OAuth 2 access token, login cookie or other valid authentication credential. See https://developers.google.com/identity/sign-in/web/devconsole-project.
    at responseToError (/usr/local/lib/node_modules/firebase-tools/lib/responseToError.js:52:12)
    at RetryOperation._fn (/usr/local/lib/node_modules/firebase-tools/lib/apiv2.js:312:77)
    at process.processTicksAndRejections (node:internal/process/task_queues:95:5)
[error] 
[error] Error: Failed to list Firebase projects. See firebase-debug.log for more info.
